2021-02-03 17:26:28,522 - Log4JLogChute initialized using file 'velocity.log'
2021-02-03 17:26:28,522 - Initializing Velocity, Calling init()...
2021-02-03 17:26:28,522 - Starting Apache Velocity v1.7 (compiled: 2010-11-19 12:14:37)
2021-02-03 17:26:28,522 - Default Properties File: org\apache\velocity\runtime\defaults\velocity.properties
2021-02-03 17:26:28,522 - Trying to use logger class org.apache.velocity.runtime.log.AvalonLogChute
2021-02-03 17:26:28,522 - Target log system for org.apache.velocity.runtime.log.AvalonLogChute is not available (java.lang.NoClassDefFoundError: org/apache/log/Priority).  Falling back to next log system...
2021-02-03 17:26:28,522 - Trying to use logger class org.apache.velocity.runtime.log.Log4JLogChute
2021-02-03 17:26:28,523 - Using logger class org.apache.velocity.runtime.log.Log4JLogChute
2021-02-03 17:26:28,524 - ResourceLoader instantiated: org.apache.velocity.runtime.resource.loader.ClasspathResourceLoader
2021-02-03 17:26:28,529 - ResourceCache: initialized (class org.apache.velocity.runtime.resource.ResourceCacheImpl) with class java.util.Collections$SynchronizedMap cache map.
2021-02-03 17:26:28,530 - Loaded System Directive: org.apache.velocity.runtime.directive.Stop
2021-02-03 17:26:28,531 - Loaded System Directive: org.apache.velocity.runtime.directive.Define
2021-02-03 17:26:28,531 - Loaded System Directive: org.apache.velocity.runtime.directive.Break
2021-02-03 17:26:28,531 - Loaded System Directive: org.apache.velocity.runtime.directive.Evaluate
2021-02-03 17:26:28,531 - Loaded System Directive: org.apache.velocity.runtime.directive.Literal
2021-02-03 17:26:28,532 - Loaded System Directive: org.apache.velocity.runtime.directive.Macro
2021-02-03 17:26:28,532 - Loaded System Directive: org.apache.velocity.runtime.directive.Parse
2021-02-03 17:26:28,533 - Loaded System Directive: org.apache.velocity.runtime.directive.Include
2021-02-03 17:26:28,533 - Loaded System Directive: org.apache.velocity.runtime.directive.Foreach
2021-02-03 17:26:28,539 - Created '20' parsers.
2021-02-03 17:26:28,540 - Velocimacro : "velocimacro.library" is not set.  Trying default library: VM_global_library.vm
2021-02-03 17:26:28,542 - Could not load resource 'VM_global_library.vm' from ResourceLoader org.apache.velocity.runtime.resource.loader.ClasspathResourceLoader: ClasspathResourceLoader Error: cannot find resource VM_global_library.vm
2021-02-03 17:26:28,542 - Velocimacro : Default library not found.
2021-02-03 17:26:28,542 - Velocimacro : allowInline = true : VMs can be defined inline in templates
2021-02-03 17:26:28,542 - Velocimacro : allowInlineToOverride = false : VMs defined inline may NOT replace previous VM definitions
2021-02-03 17:26:28,542 - Velocimacro : allowInlineLocal = false : VMs defined inline will be global in scope if allowed.
2021-02-03 17:26:28,542 - Velocimacro : autoload off : VM system will not automatically reload global library macros
2021-02-03 17:26:28,569 - ResourceManager : found vm/java/domain.java.vm with loader org.apache.velocity.runtime.resource.loader.ClasspathResourceLoader
2021-02-03 17:26:28,591 - ResourceManager : found vm/java/mapper.java.vm with loader org.apache.velocity.runtime.resource.loader.ClasspathResourceLoader
2021-02-03 17:26:28,597 - ResourceManager : found vm/java/service.java.vm with loader org.apache.velocity.runtime.resource.loader.ClasspathResourceLoader
2021-02-03 17:26:28,606 - ResourceManager : found vm/java/serviceImpl.java.vm with loader org.apache.velocity.runtime.resource.loader.ClasspathResourceLoader
2021-02-03 17:26:28,616 - ResourceManager : found vm/java/controller.java.vm with loader org.apache.velocity.runtime.resource.loader.ClasspathResourceLoader
2021-02-03 17:26:28,627 - ResourceManager : found vm/xml/mapper.xml.vm with loader org.apache.velocity.runtime.resource.loader.ClasspathResourceLoader
2021-02-03 17:26:28,635 - ResourceManager : found vm/sql/sql.vm with loader org.apache.velocity.runtime.resource.loader.ClasspathResourceLoader
2021-02-03 17:26:28,643 - ResourceManager : found vm/js/api.js.vm with loader org.apache.velocity.runtime.resource.loader.ClasspathResourceLoader
2021-02-03 17:26:28,670 - ResourceManager : found vm/vue/index.vue.vm with loader org.apache.velocity.runtime.resource.loader.ClasspathResourceLoader
2021-02-03 17:26:28,676 - Null reference [template 'vm/vue/index.vue.vm', line 581, column 12] : $confirm cannot be resolved.
2021-02-03 17:26:28,676 - Null reference [template 'vm/vue/index.vue.vm', line 630, column 12] : $confirm cannot be resolved.
